Archive member included to satisfy reference by file (symbol)

c:/users/hazem/embedded installations/avr8-gnu-toolchain-3.7.0.1796-win32.any.x86_64/avr8-gnu-toolchain-win32_x86_64/bin/../lib/gcc/avr/7.3.0/avr5\libgcc.a(_exit.o)
                              c:/users/hazem/embedded installations/avr8-gnu-toolchain-3.7.0.1796-win32.any.x86_64/avr8-gnu-toolchain-win32_x86_64/bin/../lib/gcc/avr/7.3.0/../../../../avr/lib/avr5/crtatmega328p.o (exit)
c:/users/hazem/embedded installations/avr8-gnu-toolchain-3.7.0.1796-win32.any.x86_64/avr8-gnu-toolchain-win32_x86_64/bin/../lib/gcc/avr/7.3.0/avr5\libgcc.a(_copy_data.o)
                              ./WDGM/WDGM.o (__do_copy_data)
c:/users/hazem/embedded installations/avr8-gnu-toolchain-3.7.0.1796-win32.any.x86_64/avr8-gnu-toolchain-win32_x86_64/bin/../lib/gcc/avr/7.3.0/avr5\libgcc.a(_clear_bss.o)
                              ./src/main.o (__do_clear_bss)

Allocating common symbols
Common symbol       size              file

number_of_call_main_function
                    0x1               ./WDGDRV/WDGDRV.o

Memory Configuration

Name             Origin             Length             Attributes
text             0x0000000000000000 0x0000000000008000 xr
data             0x0000000000800100 0x0000000000000800 rw !x
eeprom           0x0000000000810000 0x0000000000000400 rw !x
fuse             0x0000000000820000 0x0000000000000003 rw !x
lock             0x0000000000830000 0x0000000000000400 rw !x
signature        0x0000000000840000 0x0000000000000400 rw !x
user_signatures  0x0000000000850000 0x0000000000000400 rw !x
*default*        0x0000000000000000 0xffffffffffffffff

Linker script and memory map

Address of section .data set to 0x800100
LOAD c:/users/hazem/embedded installations/avr8-gnu-toolchain-3.7.0.1796-win32.any.x86_64/avr8-gnu-toolchain-win32_x86_64/bin/../lib/gcc/avr/7.3.0/../../../../avr/lib/avr5/crtatmega328p.o
LOAD ./src/main.o
LOAD ./WDGM/WDGM.o
LOAD ./WDGDRV/WDGDRV.o
LOAD ./TimerDriver/TIM0DRV.o
LOAD ./TimerDriver/TIMDRV.o
LOAD ./LEDM/LEDM.o
LOAD ./GPIO/GPIO.o
START GROUP
LOAD c:/users/hazem/embedded installations/avr8-gnu-toolchain-3.7.0.1796-win32.any.x86_64/avr8-gnu-toolchain-win32_x86_64/bin/../lib/gcc/avr/7.3.0/avr5\libgcc.a
LOAD c:/users/hazem/embedded installations/avr8-gnu-toolchain-3.7.0.1796-win32.any.x86_64/avr8-gnu-toolchain-win32_x86_64/bin/../lib/gcc/avr/7.3.0/../../../../avr/lib/avr5\libm.a
LOAD c:/users/hazem/embedded installations/avr8-gnu-toolchain-3.7.0.1796-win32.any.x86_64/avr8-gnu-toolchain-win32_x86_64/bin/../lib/gcc/avr/7.3.0/../../../../avr/lib/avr5\libc.a
LOAD c:/users/hazem/embedded installations/avr8-gnu-toolchain-3.7.0.1796-win32.any.x86_64/avr8-gnu-toolchain-win32_x86_64/bin/../lib/gcc/avr/7.3.0/../../../../avr/lib/avr5\libatmega328p.a
END GROUP
                0x0000000000000000                __TEXT_REGION_ORIGIN__ = DEFINED (__TEXT_REGION_ORIGIN__)?__TEXT_REGION_ORIGIN__:0x0
                [0x0000000000800100]                __DATA_REGION_ORIGIN__ = DEFINED (__DATA_REGION_ORIGIN__)?__DATA_REGION_ORIGIN__:0x800060
                [0x0000000000008000]                __TEXT_REGION_LENGTH__ = DEFINED (__TEXT_REGION_LENGTH__)?__TEXT_REGION_LENGTH__:0x20000
                [0x0000000000000800]                __DATA_REGION_LENGTH__ = DEFINED (__DATA_REGION_LENGTH__)?__DATA_REGION_LENGTH__:0xffa0
                [0x0000000000000400]                __EEPROM_REGION_LENGTH__ = DEFINED (__EEPROM_REGION_LENGTH__)?__EEPROM_REGION_LENGTH__:0x10000
                [0x0000000000000003]                __FUSE_REGION_LENGTH__ = DEFINED (__FUSE_REGION_LENGTH__)?__FUSE_REGION_LENGTH__:0x400
                0x0000000000000400                __LOCK_REGION_LENGTH__ = DEFINED (__LOCK_REGION_LENGTH__)?__LOCK_REGION_LENGTH__:0x400
                0x0000000000000400                __SIGNATURE_REGION_LENGTH__ = DEFINED (__SIGNATURE_REGION_LENGTH__)?__SIGNATURE_REGION_LENGTH__:0x400
                0x0000000000000400                __USER_SIGNATURE_REGION_LENGTH__ = DEFINED (__USER_SIGNATURE_REGION_LENGTH__)?__USER_SIGNATURE_REGION_LENGTH__:0x400

.hash
 *(.hash)

.dynsym
 *(.dynsym)

.dynstr
 *(.dynstr)

.gnu.version
 *(.gnu.version)

.gnu.version_d
 *(.gnu.version_d)

.gnu.version_r
 *(.gnu.version_r)

.rel.init
 *(.rel.init)

.rela.init
 *(.rela.init)

.rel.text
 *(.rel.text)
 *(.rel.text.*)
 *(.rel.gnu.linkonce.t*)

.rela.text
 *(.rela.text)
 *(.rela.text.*)
 *(.rela.gnu.linkonce.t*)

.rel.fini
 *(.rel.fini)

.rela.fini
 *(.rela.fini)

.rel.rodata
 *(.rel.rodata)
 *(.rel.rodata.*)
 *(.rel.gnu.linkonce.r*)

.rela.rodata
 *(.rela.rodata)
 *(.rela.rodata.*)
 *(.rela.gnu.linkonce.r*)

.rel.data
 *(.rel.data)
 *(.rel.data.*)
 *(.rel.gnu.linkonce.d*)

.rela.data
 *(.rela.data)
 *(.rela.data.*)
 *(.rela.gnu.linkonce.d*)

.rel.ctors
 *(.rel.ctors)

.rela.ctors
 *(.rela.ctors)

.rel.dtors
 *(.rel.dtors)

.rela.dtors
 *(.rela.dtors)

.rel.got
 *(.rel.got)

.rela.got
 *(.rela.got)

.rel.bss
 *(.rel.bss)

.rela.bss
 *(.rela.bss)

.rel.plt
 *(.rel.plt)

.rela.plt
 *(.rela.plt)

.text           0x0000000000000000      0x4f6
 *(.vectors)
 .vectors       0x0000000000000000       0x68 c:/users/hazem/embedded installations/avr8-gnu-toolchain-3.7.0.1796-win32.any.x86_64/avr8-gnu-toolchain-win32_x86_64/bin/../lib/gcc/avr/7.3.0/../../../../avr/lib/avr5/crtatmega328p.o
                0x0000000000000000                __vector_default
                0x0000000000000000                __vectors
 *(.vectors)
 *(.progmem.gcc*)
                0x0000000000000068                . = ALIGN (0x2)
                0x0000000000000068                __trampolines_start = .
 *(.trampolines)
 .trampolines   0x0000000000000068        0x0 linker stubs
 *(.trampolines*)
                0x0000000000000068                __trampolines_end = .
 *libprintf_flt.a:*(.progmem.data)
 *libc.a:*(.progmem.data)
 *(.progmem*)
                0x0000000000000068                . = ALIGN (0x2)
 *(.jumptables)
 *(.jumptables*)
 *(.lowtext)
 *(.lowtext*)
                0x0000000000000068                __ctors_start = .
 *(.ctors)
                0x0000000000000068                __ctors_end = .
                0x0000000000000068                __dtors_start = .
 *(.dtors)
                0x0000000000000068                __dtors_end = .
 SORT(*)(.ctors)
 SORT(*)(.dtors)
 *(.init0)
 .init0         0x0000000000000068        0x0 c:/users/hazem/embedded installations/avr8-gnu-toolchain-3.7.0.1796-win32.any.x86_64/avr8-gnu-toolchain-win32_x86_64/bin/../lib/gcc/avr/7.3.0/../../../../avr/lib/avr5/crtatmega328p.o
                0x0000000000000068                __init
 *(.init0)
 *(.init1)
 *(.init1)
 *(.init2)
 .init2         0x0000000000000068        0xc c:/users/hazem/embedded installations/avr8-gnu-toolchain-3.7.0.1796-win32.any.x86_64/avr8-gnu-toolchain-win32_x86_64/bin/../lib/gcc/avr/7.3.0/../../../../avr/lib/avr5/crtatmega328p.o
 *(.init2)
 *(.init3)
 *(.init3)
 *(.init4)
 .init4         0x0000000000000074       0x16 c:/users/hazem/embedded installations/avr8-gnu-toolchain-3.7.0.1796-win32.any.x86_64/avr8-gnu-toolchain-win32_x86_64/bin/../lib/gcc/avr/7.3.0/avr5\libgcc.a(_copy_data.o)
                0x0000000000000074                __do_copy_data
 .init4         0x000000000000008a       0x10 c:/users/hazem/embedded installations/avr8-gnu-toolchain-3.7.0.1796-win32.any.x86_64/avr8-gnu-toolchain-win32_x86_64/bin/../lib/gcc/avr/7.3.0/avr5\libgcc.a(_clear_bss.o)
                0x000000000000008a                __do_clear_bss
 *(.init4)
 *(.init5)
 *(.init5)
 *(.init6)
 *(.init6)
 *(.init7)
 *(.init7)
 *(.init8)
 *(.init8)
 *(.init9)
 .init9         0x000000000000009a        0x8 c:/users/hazem/embedded installations/avr8-gnu-toolchain-3.7.0.1796-win32.any.x86_64/avr8-gnu-toolchain-win32_x86_64/bin/../lib/gcc/avr/7.3.0/../../../../avr/lib/avr5/crtatmega328p.o
 *(.init9)
 *(.text)
 .text          0x00000000000000a2        0x4 c:/users/hazem/embedded installations/avr8-gnu-toolchain-3.7.0.1796-win32.any.x86_64/avr8-gnu-toolchain-win32_x86_64/bin/../lib/gcc/avr/7.3.0/../../../../avr/lib/avr5/crtatmega328p.o
                0x00000000000000a2                __vector_22
                0x00000000000000a2                __vector_1
                0x00000000000000a2                __vector_24
                0x00000000000000a2                __bad_interrupt
                0x00000000000000a2                __vector_6
                0x00000000000000a2                __vector_3
                0x00000000000000a2                __vector_23
                0x00000000000000a2                __vector_25
                0x00000000000000a2                __vector_13
                0x00000000000000a2                __vector_17
                0x00000000000000a2                __vector_19
                0x00000000000000a2                __vector_7
                0x00000000000000a2                __vector_5
                0x00000000000000a2                __vector_4
                0x00000000000000a2                __vector_9
                0x00000000000000a2                __vector_2
                0x00000000000000a2                __vector_21
                0x00000000000000a2                __vector_8
                0x00000000000000a2                __vector_10
                0x00000000000000a2                __vector_16
                0x00000000000000a2                __vector_18
                0x00000000000000a2                __vector_20
 .text          0x00000000000000a6        0x0 ./src/main.o
 .text          0x00000000000000a6        0x0 ./WDGM/WDGM.o
 .text          0x00000000000000a6        0x0 ./WDGDRV/WDGDRV.o
 .text          0x00000000000000a6        0x0 ./TimerDriver/TIM0DRV.o
 .text          0x00000000000000a6        0x0 ./TimerDriver/TIMDRV.o
 .text          0x00000000000000a6        0x0 ./LEDM/LEDM.o
 .text          0x00000000000000a6        0x0 ./GPIO/GPIO.o
 .text          0x00000000000000a6        0x0 c:/users/hazem/embedded installations/avr8-gnu-toolchain-3.7.0.1796-win32.any.x86_64/avr8-gnu-toolchain-win32_x86_64/bin/../lib/gcc/avr/7.3.0/avr5\libgcc.a(_exit.o)
 .text          0x00000000000000a6        0x0 c:/users/hazem/embedded installations/avr8-gnu-toolchain-3.7.0.1796-win32.any.x86_64/avr8-gnu-toolchain-win32_x86_64/bin/../lib/gcc/avr/7.3.0/avr5\libgcc.a(_copy_data.o)
 .text          0x00000000000000a6        0x0 c:/users/hazem/embedded installations/avr8-gnu-toolchain-3.7.0.1796-win32.any.x86_64/avr8-gnu-toolchain-win32_x86_64/bin/../lib/gcc/avr/7.3.0/avr5\libgcc.a(_clear_bss.o)
                0x00000000000000a6                . = ALIGN (0x2)
 *(.text.*)
 .text.startup.main
                0x00000000000000a6       0x78 ./src/main.o
                0x00000000000000a6                main
 .text.WDGM_Init
                0x000000000000011e       0x1e ./WDGM/WDGM.o
                0x000000000000011e                WDGM_Init
 .text.WDGM_MainFunction
                0x000000000000013c       0x7e ./WDGM/WDGM.o
                0x000000000000013c                WDGM_MainFunction
 .text.WDGM_PovideSuppervisionStatus
                0x00000000000001ba        0x6 ./WDGM/WDGM.o
                0x00000000000001ba                WDGM_PovideSuppervisionStatus
 .text.WDGM_AlivenessIndication
                0x00000000000001c0        0xc ./WDGM/WDGM.o
                0x00000000000001c0                WDGM_AlivenessIndication
 .text.WDGDrv_Init
                0x00000000000001cc       0x1a ./WDGDRV/WDGDRV.o
                0x00000000000001cc                WDGDrv_Init
 .text.__vector_12
                0x00000000000001e6       0x88 ./WDGDRV/WDGDRV.o
                0x00000000000001e6                __vector_12
 .text.timer0_init_ctc
                0x000000000000026e       0x12 ./TimerDriver/TIM0DRV.o
                0x000000000000026e                timer0_init_ctc
 .text.timer0_start
                0x0000000000000280        0x8 ./TimerDriver/TIM0DRV.o
                0x0000000000000280                timer0_start
 .text.timer0_stop
                0x0000000000000288        0x8 ./TimerDriver/TIM0DRV.o
                0x0000000000000288                timer0_stop
 .text.timer0_set_A_compare_value
                0x0000000000000290        0x4 ./TimerDriver/TIM0DRV.o
                0x0000000000000290                timer0_set_A_compare_value
 .text.timer0_set_B_compare_value
                0x0000000000000294        0x4 ./TimerDriver/TIM0DRV.o
                0x0000000000000294                timer0_set_B_compare_value
 .text.timer0_enable_A_compare_interrupt
                0x0000000000000298        0xc ./TimerDriver/TIM0DRV.o
                0x0000000000000298                timer0_enable_A_compare_interrupt
 .text.timer0_enable_B_compare_interrupt
                0x00000000000002a4        0xc ./TimerDriver/TIM0DRV.o
                0x00000000000002a4                timer0_enable_B_compare_interrupt
 .text.__vector_14
                0x00000000000002b0       0x96 ./TimerDriver/TIM0DRV.o
                0x00000000000002b0                __vector_14
 .text.__vector_15
                0x0000000000000346       0x14 ./TimerDriver/TIM0DRV.o
                0x0000000000000346                __vector_15
 .text.timer1_init_ctc
                0x000000000000035a       0x2a ./TimerDriver/TIMDRV.o
                0x000000000000035a                timer1_init_ctc
 .text.timer1_start
                0x0000000000000384        0xc ./TimerDriver/TIMDRV.o
                0x0000000000000384                timer1_start
 .text.timer1_stop
                0x0000000000000390        0xc ./TimerDriver/TIMDRV.o
                0x0000000000000390                timer1_stop
 .text.timer1_set_A_compare_value
                0x000000000000039c        0xa ./TimerDriver/TIMDRV.o
                0x000000000000039c                timer1_set_A_compare_value
 .text.timer1_set_B_compare_value
                0x00000000000003a6        0xa ./TimerDriver/TIMDRV.o
                0x00000000000003a6                timer1_set_B_compare_value
 .text.timer1_enable_A_compare_interrupt
                0x00000000000003b0        0xc ./TimerDriver/TIMDRV.o
                0x00000000000003b0                timer1_enable_A_compare_interrupt
 .text.timer1_enable_B_compare_interrupt
                0x00000000000003bc        0xc ./TimerDriver/TIMDRV.o
                0x00000000000003bc                timer1_enable_B_compare_interrupt
 .text.__vector_11
                0x00000000000003c8       0x14 ./TimerDriver/TIMDRV.o
                0x00000000000003c8                __vector_11
 .text.LEDM_Init
                0x00000000000003dc        0xe ./LEDM/LEDM.o
                0x00000000000003dc                LEDM_Init
 .text.LED_Manage
                0x00000000000003ea       0x44 ./LEDM/LEDM.o
                0x00000000000003ea                LED_Manage
 .text.GPIO_Init
                0x000000000000042e       0x6e ./GPIO/GPIO.o
                0x000000000000042e                GPIO_Init
 .text.GPIO_Write
                0x000000000000049c       0x56 ./GPIO/GPIO.o
                0x000000000000049c                GPIO_Write
 .text.libgcc.mul
                0x00000000000004f2        0x0 c:/users/hazem/embedded installations/avr8-gnu-toolchain-3.7.0.1796-win32.any.x86_64/avr8-gnu-toolchain-win32_x86_64/bin/../lib/gcc/avr/7.3.0/avr5\libgcc.a(_exit.o)
 .text.libgcc.div
                0x00000000000004f2        0x0 c:/users/hazem/embedded installations/avr8-gnu-toolchain-3.7.0.1796-win32.any.x86_64/avr8-gnu-toolchain-win32_x86_64/bin/../lib/gcc/avr/7.3.0/avr5\libgcc.a(_exit.o)
 .text.libgcc   0x00000000000004f2        0x0 c:/users/hazem/embedded installations/avr8-gnu-toolchain-3.7.0.1796-win32.any.x86_64/avr8-gnu-toolchain-win32_x86_64/bin/../lib/gcc/avr/7.3.0/avr5\libgcc.a(_exit.o)
 .text.libgcc.prologue
                0x00000000000004f2        0x0 c:/users/hazem/embedded installations/avr8-gnu-toolchain-3.7.0.1796-win32.any.x86_64/avr8-gnu-toolchain-win32_x86_64/bin/../lib/gcc/avr/7.3.0/avr5\libgcc.a(_exit.o)
 .text.libgcc.builtins
                0x00000000000004f2        0x0 c:/users/hazem/embedded installations/avr8-gnu-toolchain-3.7.0.1796-win32.any.x86_64/avr8-gnu-toolchain-win32_x86_64/bin/../lib/gcc/avr/7.3.0/avr5\libgcc.a(_exit.o)
 .text.libgcc.fmul
                0x00000000000004f2        0x0 c:/users/hazem/embedded installations/avr8-gnu-toolchain-3.7.0.1796-win32.any.x86_64/avr8-gnu-toolchain-win32_x86_64/bin/../lib/gcc/avr/7.3.0/avr5\libgcc.a(_exit.o)
 .text.libgcc.fixed
                0x00000000000004f2        0x0 c:/users/hazem/embedded installations/avr8-gnu-toolchain-3.7.0.1796-win32.any.x86_64/avr8-gnu-toolchain-win32_x86_64/bin/../lib/gcc/avr/7.3.0/avr5\libgcc.a(_exit.o)
 .text.libgcc.mul
                0x00000000000004f2        0x0 c:/users/hazem/embedded installations/avr8-gnu-toolchain-3.7.0.1796-win32.any.x86_64/avr8-gnu-toolchain-win32_x86_64/bin/../lib/gcc/avr/7.3.0/avr5\libgcc.a(_copy_data.o)
 .text.libgcc.div
                0x00000000000004f2        0x0 c:/users/hazem/embedded installations/avr8-gnu-toolchain-3.7.0.1796-win32.any.x86_64/avr8-gnu-toolchain-win32_x86_64/bin/../lib/gcc/avr/7.3.0/avr5\libgcc.a(_copy_data.o)
 .text.libgcc   0x00000000000004f2        0x0 c:/users/hazem/embedded installations/avr8-gnu-toolchain-3.7.0.1796-win32.any.x86_64/avr8-gnu-toolchain-win32_x86_64/bin/../lib/gcc/avr/7.3.0/avr5\libgcc.a(_copy_data.o)
 .text.libgcc.prologue
                0x00000000000004f2        0x0 c:/users/hazem/embedded installations/avr8-gnu-toolchain-3.7.0.1796-win32.any.x86_64/avr8-gnu-toolchain-win32_x86_64/bin/../lib/gcc/avr/7.3.0/avr5\libgcc.a(_copy_data.o)
 .text.libgcc.builtins
                0x00000000000004f2        0x0 c:/users/hazem/embedded installations/avr8-gnu-toolchain-3.7.0.1796-win32.any.x86_64/avr8-gnu-toolchain-win32_x86_64/bin/../lib/gcc/avr/7.3.0/avr5\libgcc.a(_copy_data.o)
 .text.libgcc.fmul
                0x00000000000004f2        0x0 c:/users/hazem/embedded installations/avr8-gnu-toolchain-3.7.0.1796-win32.any.x86_64/avr8-gnu-toolchain-win32_x86_64/bin/../lib/gcc/avr/7.3.0/avr5\libgcc.a(_copy_data.o)
 .text.libgcc.fixed
                0x00000000000004f2        0x0 c:/users/hazem/embedded installations/avr8-gnu-toolchain-3.7.0.1796-win32.any.x86_64/avr8-gnu-toolchain-win32_x86_64/bin/../lib/gcc/avr/7.3.0/avr5\libgcc.a(_copy_data.o)
 .text.libgcc.mul
                0x00000000000004f2        0x0 c:/users/hazem/embedded installations/avr8-gnu-toolchain-3.7.0.1796-win32.any.x86_64/avr8-gnu-toolchain-win32_x86_64/bin/../lib/gcc/avr/7.3.0/avr5\libgcc.a(_clear_bss.o)
 .text.libgcc.div
                0x00000000000004f2        0x0 c:/users/hazem/embedded installations/avr8-gnu-toolchain-3.7.0.1796-win32.any.x86_64/avr8-gnu-toolchain-win32_x86_64/bin/../lib/gcc/avr/7.3.0/avr5\libgcc.a(_clear_bss.o)
 .text.libgcc   0x00000000000004f2        0x0 c:/users/hazem/embedded installations/avr8-gnu-toolchain-3.7.0.1796-win32.any.x86_64/avr8-gnu-toolchain-win32_x86_64/bin/../lib/gcc/avr/7.3.0/avr5\libgcc.a(_clear_bss.o)
 .text.libgcc.prologue
                0x00000000000004f2        0x0 c:/users/hazem/embedded installations/avr8-gnu-toolchain-3.7.0.1796-win32.any.x86_64/avr8-gnu-toolchain-win32_x86_64/bin/../lib/gcc/avr/7.3.0/avr5\libgcc.a(_clear_bss.o)
 .text.libgcc.builtins
                0x00000000000004f2        0x0 c:/users/hazem/embedded installations/avr8-gnu-toolchain-3.7.0.1796-win32.any.x86_64/avr8-gnu-toolchain-win32_x86_64/bin/../lib/gcc/avr/7.3.0/avr5\libgcc.a(_clear_bss.o)
 .text.libgcc.fmul
                0x00000000000004f2        0x0 c:/users/hazem/embedded installations/avr8-gnu-toolchain-3.7.0.1796-win32.any.x86_64/avr8-gnu-toolchain-win32_x86_64/bin/../lib/gcc/avr/7.3.0/avr5\libgcc.a(_clear_bss.o)
 .text.libgcc.fixed
                0x00000000000004f2        0x0 c:/users/hazem/embedded installations/avr8-gnu-toolchain-3.7.0.1796-win32.any.x86_64/avr8-gnu-toolchain-win32_x86_64/bin/../lib/gcc/avr/7.3.0/avr5\libgcc.a(_clear_bss.o)
                0x00000000000004f2                . = ALIGN (0x2)
 *(.fini9)
 .fini9         0x00000000000004f2        0x0 c:/users/hazem/embedded installations/avr8-gnu-toolchain-3.7.0.1796-win32.any.x86_64/avr8-gnu-toolchain-win32_x86_64/bin/../lib/gcc/avr/7.3.0/avr5\libgcc.a(_exit.o)
                0x00000000000004f2                _exit
                0x00000000000004f2                exit
 *(.fini9)
 *(.fini8)
 *(.fini8)
 *(.fini7)
 *(.fini7)
 *(.fini6)
 *(.fini6)
 *(.fini5)
 *(.fini5)
 *(.fini4)
 *(.fini4)
 *(.fini3)
 *(.fini3)
 *(.fini2)
 *(.fini2)
 *(.fini1)
 *(.fini1)
 *(.fini0)
 .fini0         0x00000000000004f2        0x4 c:/users/hazem/embedded installations/avr8-gnu-toolchain-3.7.0.1796-win32.any.x86_64/avr8-gnu-toolchain-win32_x86_64/bin/../lib/gcc/avr/7.3.0/avr5\libgcc.a(_exit.o)
 *(.fini0)
                0x00000000000004f6                _etext = .

.data           0x0000000000800100        0x4 load address 0x00000000000004f6
                0x0000000000800100                PROVIDE (__data_start, .)
 *(.data)
 .data          0x0000000000800100        0x0 c:/users/hazem/embedded installations/avr8-gnu-toolchain-3.7.0.1796-win32.any.x86_64/avr8-gnu-toolchain-win32_x86_64/bin/../lib/gcc/avr/7.3.0/../../../../avr/lib/avr5/crtatmega328p.o
 .data          0x0000000000800100        0x0 ./src/main.o
 .data          0x0000000000800100        0x0 ./WDGM/WDGM.o
 .data          0x0000000000800100        0x0 ./WDGDRV/WDGDRV.o
 .data          0x0000000000800100        0x0 ./TimerDriver/TIM0DRV.o
 .data          0x0000000000800100        0x0 ./TimerDriver/TIMDRV.o
 .data          0x0000000000800100        0x0 ./LEDM/LEDM.o
 .data          0x0000000000800100        0x0 ./GPIO/GPIO.o
 .data          0x0000000000800100        0x0 c:/users/hazem/embedded installations/avr8-gnu-toolchain-3.7.0.1796-win32.any.x86_64/avr8-gnu-toolchain-win32_x86_64/bin/../lib/gcc/avr/7.3.0/avr5\libgcc.a(_exit.o)
 .data          0x0000000000800100        0x0 c:/users/hazem/embedded installations/avr8-gnu-toolchain-3.7.0.1796-win32.any.x86_64/avr8-gnu-toolchain-win32_x86_64/bin/../lib/gcc/avr/7.3.0/avr5\libgcc.a(_copy_data.o)
 .data          0x0000000000800100        0x0 c:/users/hazem/embedded installations/avr8-gnu-toolchain-3.7.0.1796-win32.any.x86_64/avr8-gnu-toolchain-win32_x86_64/bin/../lib/gcc/avr/7.3.0/avr5\libgcc.a(_clear_bss.o)
 *(.data*)
 .data.main_function_status
                0x0000000000800100        0x1 ./WDGM/WDGM.o
 .data.flag     0x0000000000800101        0x1 ./TimerDriver/TIMDRV.o
                0x0000000000800101                flag
 .data.ledState
                0x0000000000800102        0x1 ./LEDM/LEDM.o
                0x0000000000800102                ledState
 *(.gnu.linkonce.d*)
 *(.rodata)
 *(.rodata*)
 *(.gnu.linkonce.r*)
                0x0000000000800104                . = ALIGN (0x2)
 *fill*         0x0000000000800103        0x1 
                0x0000000000800104                _edata = .
                0x0000000000800104                PROVIDE (__data_end, .)

.bss            0x0000000000800104       0x15
                0x0000000000800104                PROVIDE (__bss_start, .)
 *(.bss)
 .bss           0x0000000000800104        0x0 c:/users/hazem/embedded installations/avr8-gnu-toolchain-3.7.0.1796-win32.any.x86_64/avr8-gnu-toolchain-win32_x86_64/bin/../lib/gcc/avr/7.3.0/../../../../avr/lib/avr5/crtatmega328p.o
 .bss           0x0000000000800104        0x0 ./src/main.o
 .bss           0x0000000000800104        0x0 ./WDGM/WDGM.o
 .bss           0x0000000000800104        0x0 ./WDGDRV/WDGDRV.o
 .bss           0x0000000000800104        0x0 ./TimerDriver/TIM0DRV.o
 .bss           0x0000000000800104        0x0 ./TimerDriver/TIMDRV.o
 .bss           0x0000000000800104        0x0 ./LEDM/LEDM.o
 .bss           0x0000000000800104        0x0 ./GPIO/GPIO.o
 .bss           0x0000000000800104        0x0 c:/users/hazem/embedded installations/avr8-gnu-toolchain-3.7.0.1796-win32.any.x86_64/avr8-gnu-toolchain-win32_x86_64/bin/../lib/gcc/avr/7.3.0/avr5\libgcc.a(_exit.o)
 .bss           0x0000000000800104        0x0 c:/users/hazem/embedded installations/avr8-gnu-toolchain-3.7.0.1796-win32.any.x86_64/avr8-gnu-toolchain-win32_x86_64/bin/../lib/gcc/avr/7.3.0/avr5\libgcc.a(_copy_data.o)
 .bss           0x0000000000800104        0x0 c:/users/hazem/embedded installations/avr8-gnu-toolchain-3.7.0.1796-win32.any.x86_64/avr8-gnu-toolchain-win32_x86_64/bin/../lib/gcc/avr/7.3.0/avr5\libgcc.a(_clear_bss.o)
 *(.bss*)
 .bss.counter   0x0000000000800104        0x1 ./WDGM/WDGM.o
 .bss.wdgm_status
                0x0000000000800105        0x1 ./WDGM/WDGM.o
 .bss.last_check_time_of_LEDM_call
                0x0000000000800106        0x4 ./WDGM/WDGM.o
 .bss.ledm_manage_call_count
                0x000000000080010a        0x1 ./WDGM/WDGM.o
 .bss.flag2     0x000000000080010b        0x1 ./WDGDRV/WDGDRV.o
                0x000000000080010b                flag2
 .bss.counter_for_500ms
                0x000000000080010c        0x4 ./TimerDriver/TIM0DRV.o
                0x000000000080010c                counter_for_500ms
 .bss.counter_for_100ms
                0x0000000000800110        0x4 ./TimerDriver/TIM0DRV.o
                0x0000000000800110                counter_for_100ms
 .bss.counter_for_20ms
                0x0000000000800114        0x4 ./TimerDriver/TIM0DRV.o
                0x0000000000800114                counter_for_20ms
 *(COMMON)
 COMMON         0x0000000000800118        0x0 ./src/main.o
 COMMON         0x0000000000800118        0x0 ./WDGM/WDGM.o
 COMMON         0x0000000000800118        0x1 ./WDGDRV/WDGDRV.o
                0x0000000000800118                number_of_call_main_function
                0x0000000000800119                PROVIDE (__bss_end, .)
                0x00000000000004f6                __data_load_start = LOADADDR (.data)
                0x00000000000004fa                __data_load_end = (__data_load_start + SIZEOF (.data))

.noinit         0x0000000000800119        0x0
                [!provide]                        PROVIDE (__noinit_start, .)
 *(.noinit*)
                [!provide]                        PROVIDE (__noinit_end, .)
                0x0000000000800119                _end = .
                [!provide]                        PROVIDE (__heap_start, .)

.eeprom         0x0000000000810000        0x0
 *(.eeprom*)
                0x0000000000810000                __eeprom_end = .

.fuse
 *(.fuse)
 *(.lfuse)
 *(.hfuse)
 *(.efuse)

.lock
 *(.lock*)

.signature
 *(.signature*)

.user_signatures
 *(.user_signatures*)

.stab
 *(.stab)

.stabstr
 *(.stabstr)

.stab.excl
 *(.stab.excl)

.stab.exclstr
 *(.stab.exclstr)

.stab.index
 *(.stab.index)

.stab.indexstr
 *(.stab.indexstr)

.comment        0x0000000000000000       0x30
 *(.comment)
 .comment       0x0000000000000000       0x30 ./src/main.o
                                         0x31 (size before relaxing)
 .comment       0x0000000000000030       0x31 ./WDGM/WDGM.o
 .comment       0x0000000000000030       0x31 ./WDGDRV/WDGDRV.o
 .comment       0x0000000000000030       0x31 ./TimerDriver/TIM0DRV.o
 .comment       0x0000000000000030       0x31 ./TimerDriver/TIMDRV.o
 .comment       0x0000000000000030       0x31 ./LEDM/LEDM.o
 .comment       0x0000000000000030       0x31 ./GPIO/GPIO.o

.note.gnu.avr.deviceinfo
                0x0000000000000000       0x40
 .note.gnu.avr.deviceinfo
                0x0000000000000000       0x40 c:/users/hazem/embedded installations/avr8-gnu-toolchain-3.7.0.1796-win32.any.x86_64/avr8-gnu-toolchain-win32_x86_64/bin/../lib/gcc/avr/7.3.0/../../../../avr/lib/avr5/crtatmega328p.o

.note.gnu.build-id
 *(.note.gnu.build-id)

.debug
 *(.debug)

.line
 *(.line)

.debug_srcinfo
 *(.debug_srcinfo)

.debug_sfnames
 *(.debug_sfnames)

.debug_aranges
 *(.debug_aranges)

.debug_pubnames
 *(.debug_pubnames)

.debug_info     0x0000000000000000      0x5f4
 *(.debug_info .gnu.linkonce.wi.*)
 .debug_info    0x0000000000000000      0x5f4 c:/users/hazem/embedded installations/avr8-gnu-toolchain-3.7.0.1796-win32.any.x86_64/avr8-gnu-toolchain-win32_x86_64/bin/../lib/gcc/avr/7.3.0/../../../../avr/lib/avr5/crtatmega328p.o

.debug_abbrev   0x0000000000000000      0x5a2
 *(.debug_abbrev)
 .debug_abbrev  0x0000000000000000      0x5a2 c:/users/hazem/embedded installations/avr8-gnu-toolchain-3.7.0.1796-win32.any.x86_64/avr8-gnu-toolchain-win32_x86_64/bin/../lib/gcc/avr/7.3.0/../../../../avr/lib/avr5/crtatmega328p.o

.debug_line     0x0000000000000000       0x1a
 *(.debug_line .debug_line.* .debug_line_end)
 .debug_line    0x0000000000000000       0x1a c:/users/hazem/embedded installations/avr8-gnu-toolchain-3.7.0.1796-win32.any.x86_64/avr8-gnu-toolchain-win32_x86_64/bin/../lib/gcc/avr/7.3.0/../../../../avr/lib/avr5/crtatmega328p.o

.debug_frame
 *(.debug_frame)

.debug_str      0x0000000000000000      0x208
 *(.debug_str)
 .debug_str     0x0000000000000000      0x208 c:/users/hazem/embedded installations/avr8-gnu-toolchain-3.7.0.1796-win32.any.x86_64/avr8-gnu-toolchain-win32_x86_64/bin/../lib/gcc/avr/7.3.0/../../../../avr/lib/avr5/crtatmega328p.o

.debug_loc
 *(.debug_loc)

.debug_macinfo
 *(.debug_macinfo)

.debug_weaknames
 *(.debug_weaknames)

.debug_funcnames
 *(.debug_funcnames)

.debug_typenames
 *(.debug_typenames)

.debug_varnames
 *(.debug_varnames)

.debug_pubtypes
 *(.debug_pubtypes)

.debug_ranges
 *(.debug_ranges)

.debug_macro
 *(.debug_macro)
OUTPUT(ES_Project.elf elf32-avr)
LOAD linker stubs
